// Vitest Snapshot v1, https://vitest.dev/guide/snapshot.html

exports[`Item > renders snapshot 1`] = `
<li
  class="_item_d7d403"
>
  <a
    href="https://reactjs.org/"
    style="width: 40%;"
    target="_blank"
  >
    React
  </a>
  <span
    style="width: 30%;"
  >
    Jordan Walke
  </span>
  <span
    style="width: 10%;"
  >
    3
  </span>
  <span
    style="width: 10%;"
  >
    4
  </span>
  <span
    style="width: 10%;"
  >
    <button
      class="_button_3c5126 _buttonSmall_3c5126"
    >
      delete
    </button>
  </span>
</li>
`;
